// Jest Snapshot v1, https://goo.gl/fbAQLP

exports[`MyNewComponent  shows up when rendered 1`] = `
<div>
  <section>
    <div>
      <h1>
        
      </h1>
    </div>
  </section>
  <section>
    <input
      id="myInput"
      onChange={[Function]}
      onKeyPress={[Function]}
    />
     
    <button
      onClick={[Function]}
      type="submit"
    >
      click to change band
    </button>
  </section>
  <section>
    <img
      alt={undefined}
      src={undefined}
    />
  </section>
</div>
`;
